Warning[w6]: Type conflict for external/entry "barra__3", in module main_DSY against external/entry in module fondo; prototyped function vs K&R function
  /* In module main_DSY: */
  /* K&R Function, args 0, attr 0 */
  int (__xdata_reentrant barra__3)();
  /* In module fondo: */
  /* Function, args 2, attr 0 */
  void (__xdata_reentrant barra__3)(int,
                                    int);
Warning[w6]: Type conflict for external/entry "barra__4", in module main_DSY against external/entry in module fondo; prototyped function vs K&R function
  /* In module main_DSY: */
  /* K&R Function, args 0, attr 0 */
  int (__xdata_reentrant barra__4)();
  /* In module fondo: */
  /* Function, args 2, attr 0 */
  void (__xdata_reentrant barra__4)(int,
                                    int);
Warning[w6]: Type conflict for external/entry "fondo_LIN_0_10", in module main_DSY against external/entry in module fondo; prototyped function vs K&R function
  /* In module main_DSY: */
  /* K&R Function, args 0, attr 0 */
  int (__xdata_reentrant fondo_LIN_0_10)();
  /* In module fondo: */
  /* Function, args 0, attr 0 */
  void (__xdata_reentrant fondo_LIN_0_10)(void);
Warning[w6]: Type conflict for external/entry "fondo_LIN_0_100", in module main_DSY against external/entry in module fondo; prototyped function vs K&R function
  /* In module main_DSY: */
  /* K&R Function, args 0, attr 0 */
  int (__xdata_reentrant fondo_LIN_0_100)();
  /* In module fondo: */
  /* Function, args 0, attr 0 */
  void (__xdata_reentrant fondo_LIN_0_100)(void);
Warning[w6]: Type conflict for external/entry "fondo_LIN_0_100_C", in module main_DSY against external/entry in module fondo; prototyped function vs K&R function
  /* In module main_DSY: */
  /* K&R Function, args 0, attr 0 */
  int (__xdata_reentrant fondo_LIN_0_100_C)();
  /* In module fondo: */
  /* Function, args 0, attr 0 */
  void (__xdata_reentrant fondo_LIN_0_100_C)(void);
Warning[w6]: Type conflict for external/entry "fondo_LIN_0_100_CCC", in module main_DSY against external/entry in module fondo; prototyped function vs K&R function
  /* In module main_DSY: */
  /* K&R Function, args 0, attr 0 */
  int (__xdata_reentrant fondo_LIN_0_100_CCC)();
  /* In module fondo: */
  /* Function, args 0, attr 0 */
  void (__xdata_reentrant fondo_LIN_0_100_CCC)(void);
Warning[w6]: Type conflict for external/entry "fondo_LIN_0_15", in module main_DSY against external/entry in module fondo; prototyped function vs K&R function
  /* In module main_DSY: */
  /* K&R Function, args 0, attr 0 */
  int (__xdata_reentrant fondo_LIN_0_15)();
  /* In module fondo: */
  /* Function, args 0, attr 0 */
  void (__xdata_reentrant fondo_LIN_0_15)(void);
Warning[w6]: Type conflict for external/entry "fondo_LIN_0_800", in module main_DSY against external/entry in module fondo; prototyped function vs K&R function
  /* In module main_DSY: */
  /* K&R Function, args 0, attr 0 */
  int (__xdata_reentrant fondo_LIN_0_800)();
  /* In module fondo: */
  /* Function, args 0, attr 0 */
  void (__xdata_reentrant fondo_LIN_0_800)(void);
Warning[w6]: Type conflict for external/entry "fondo_LOG_0_5", in module main_DSY against external/entry in module fondo; prototyped function vs K&R function
  /* In module main_DSY: */
  /* K&R Function, args 0, attr 0 */
  int (__xdata_reentrant fondo_LOG_0_5)();
  /* In module fondo: */
  /* Function, args 0, attr 0 */
  void (__xdata_reentrant fondo_LOG_0_5)(void);
Warning[w6]: Type conflict for external/entry "fondo_LOG_1_100", in module main_DSY against external/entry in module fondo; prototyped function vs K&R function
  /* In module main_DSY: */
  /* K&R Function, args 0, attr 0 */
  int (__xdata_reentrant fondo_LOG_1_100)();
  /* In module fondo: */
  /* Function, args 0, attr 0 */
  void (__xdata_reentrant fondo_LOG_1_100)(void);
Warning[w6]: Type conflict for external/entry "fondo_RATE_3_7", in module main_DSY against external/entry in module fondo; prototyped function vs K&R function
  /* In module main_DSY: */
  /* K&R Function, args 0, attr 0 */
  int (__xdata_reentrant fondo_RATE_3_7)();
  /* In module fondo: */
  /* Function, args 0, attr 0 */
  void (__xdata_reentrant fondo_RATE_3_7)(void);
Warning[w6]: Type conflict for external/entry "fondo_Test", in module main_DSY against external/entry in module fondo; prototyped function vs K&R function
  /* In module main_DSY: */
  /* K&R Function, args 0, attr 0 */
  int (__xdata_reentrant fondo_Test)();
  /* In module fondo: */
  /* Function, args 0, attr 0 */
  void (__xdata_reentrant fondo_Test)(void);
Warning[w6]: Type conflict for external/entry "fondo_dosis", in module main_DSY against external/entry in module fondo; prototyped function vs K&R function
  /* In module main_DSY: */
  /* K&R Function, args 0, attr 0 */
  int (__xdata_reentrant fondo_dosis)();
  /* In module fondo: */
  /* Function, args 0, attr 0 */
  void (__xdata_reentrant fondo_dosis)(void);
Warning[w6]: Type conflict for external/entry "medicion", in module main_DSY against external/entry in module fondo; prototyped function vs K&R function
  /* In module main_DSY: */
  /* K&R Function, args 0, attr 0 */
  int (__xdata_reentrant medicion)();
  /* In module fondo: */
  /* Function, args 1, attr 0 */
  void (__xdata_reentrant medicion)(int);
Warning[w6]: Type conflict for external/entry "medicion10", in module main_DSY against external/entry in module fondo; prototyped function vs K&R function
  /* In module main_DSY: */
  /* K&R Function, args 0, attr 0 */
  int (__xdata_reentrant medicion10)();
  /* In module fondo: */
  /* Function, args 1, attr 0 */
  void (__xdata_reentrant medicion10)(int);
Warning[w6]: Type conflict for external/entry "medicion11", in module main_DSY against external/entry in module fondo; prototyped function vs K&R function
  /* In module main_DSY: */
  /* K&R Function, args 0, attr 0 */
  int (__xdata_reentrant medicion11)();
  /* In module fondo: */
  /* Function, args 1, attr 0 */
  void (__xdata_reentrant medicion11)(int);
Warning[w6]: Type conflict for external/entry "medicion2", in module main_DSY against external/entry in module fondo; prototyped function vs K&R function
  /* In module main_DSY: */
  /* K&R Function, args 0, attr 0 */
  int (__xdata_reentrant medicion2)();
  /* In module fondo: */
  /* Function, args 1, attr 0 */
  void (__xdata_reentrant medicion2)(int);
Warning[w6]: Type conflict for external/entry "medicion3", in module main_DSY against external/entry in module fondo; prototyped function vs K&R function
  /* In module main_DSY: */
  /* K&R Function, args 0, attr 0 */
  int (__xdata_reentrant medicion3)();
  /* In module fondo: */
  /* Function, args 1, attr 0 */
  void (__xdata_reentrant medicion3)(int);
Warning[w6]: Type conflict for external/entry "medicion4", in module main_DSY against external/entry in module fondo; prototyped function vs K&R function
  /* In module main_DSY: */
  /* K&R Function, args 0, attr 0 */
  int (__xdata_reentrant medicion4)();
  /* In module fondo: */
  /* Function, args 1, attr 0 */
  void (__xdata_reentrant medicion4)(int);
Warning[w6]: Type conflict for external/entry "medicion6", in module main_DSY against external/entry in module fondo; prototyped function vs K&R function
  /* In module main_DSY: */
  /* K&R Function, args 0, attr 0 */
  int (__xdata_reentrant medicion6)();
  /* In module fondo: */
  /* Function, args 1, attr 0 */
  void (__xdata_reentrant medicion6)(int);
Warning[w6]: Type conflict for external/entry "medicion7", in module main_DSY against external/entry in module fondo; prototyped function vs K&R function
  /* In module main_DSY: */
  /* K&R Function, args 0, attr 0 */
  int (__xdata_reentrant medicion7)();
  /* In module fondo: */
  /* Function, args 1, attr 0 */
  void (__xdata_reentrant medicion7)(int);
Warning[w6]: Type conflict for external/entry "medicion8", in module main_DSY against external/entry in module fondo; prototyped function vs K&R function
  /* In module main_DSY: */
  /* K&R Function, args 0, attr 0 */
  int (__xdata_reentrant medicion8)();
  /* In module fondo: */
  /* Function, args 1, attr 0 */
  void (__xdata_reentrant medicion8)(int);
Warning[w6]: Type conflict for external/entry "medicion9", in module main_DSY against external/entry in module fondo; prototyped function vs K&R function
  /* In module main_DSY: */
  /* K&R Function, args 0, attr 0 */
  int (__xdata_reentrant medicion9)();
  /* In module fondo: */
  /* Function, args 1, attr 0 */
  void (__xdata_reentrant medicion9)(int);
Warning[w6]: Type conflict for external/entry "ssd1963_init", in module main_DSY against external/entry in module ssd1963_text; function return types are different; different basic types
  /* In module main_DSY: */
  /* K&R Function, args 0, attr 0 */
  int (__xdata_reentrant ssd1963_init)();
  /* In module ssd1963_text: */
  /* K&R Function, args 0, attr 0 */
  void (__xdata_reentrant ssd1963_init)();
Warning[w6]: Type conflict for external/entry "ssd1963_set_text_pos2", in module fondo against external/entry in module ssd1963_text; prototyped function vs K&R function
  /* In module fondo: */
  /* K&R Function, args 0, attr 0 */
  int (__xdata_reentrant ssd1963_set_text_pos2)();
  /* In module ssd1963_text: */
  /* Function, args 2, attr 0 */
  void (__xdata_reentrant ssd1963_set_text_pos2)(uint16_t,
                                                 uint16_t);
    typedef unsigned int uint16_t;
Warning[w6]: Type conflict for external/entry "ssd1963_write_text2", in module fondo against external/entry in module ssd1963_text; prototyped function vs K&R function
  /* In module fondo: */
  /* K&R Function, args 0, attr 0 */
  int (__xdata_reentrant ssd1963_write_text2)();
  /* In module ssd1963_text: */
  /* Function, args 1, attr 0 */
  void (__xdata_reentrant ssd1963_write_text2)(char const *);
Warning[w6]: Type conflict for external/entry "ssd1963_write_text3", in module fondo against external/entry in module ssd1963_text; prototyped function vs K&R function
  /* In module fondo: */
  /* K&R Function, args 0, attr 0 */
  int (__xdata_reentrant ssd1963_write_text3)();
  /* In module ssd1963_text: */
  /* Function, args 1, attr 0 */
  void (__xdata_reentrant ssd1963_write_text3)(char const *);
Warning[w6]: Type conflict for external/entry "ssd1963_write_text4", in module fondo against external/entry in module ssd1963_text; prototyped function vs K&R function
  /* In module fondo: */
  /* K&R Function, args 0, attr 0 */
  int (__xdata_reentrant ssd1963_write_text4)();
  /* In module ssd1963_text: */
  /* Function, args 1, attr 0 */
  void (__xdata_reentrant ssd1963_write_text4)(char const *);
Warning[w6]: Type conflict for external/entry "ssd1963_write_text5", in module fondo against external/entry in module ssd1963_text; prototyped function vs K&R function
  /* In module fondo: */
  /* K&R Function, args 0, attr 0 */
  int (__xdata_reentrant ssd1963_write_text5)();
  /* In module ssd1963_text: */
  /* Function, args 1, attr 0 */
  void (__xdata_reentrant ssd1963_write_text5)(char const *);
Warning[w6]: Type conflict for external/entry "ssd1963_write_text6", in module fondo against external/entry in module ssd1963_text; prototyped function vs K&R function
  /* In module fondo: */
  /* K&R Function, args 0, attr 0 */
  int (__xdata_reentrant ssd1963_write_text6)();
  /* In module ssd1963_text: */
  /* Function, args 1, attr 0 */
  void (__xdata_reentrant ssd1963_write_text6)(char const *);
Warning[w6]: Type conflict for external/entry "sprintf", in module fondo against external/entry in module ?sprintf; prototyped function vs K&R function
  /* In module fondo: */
  /* K&R Function, args 0, attr 0 */
  int (__xdata_reentrant sprintf)();
  /* In module ?sprintf: */
  /* Function, args 3, attr 0 */
  int (__xdata_reentrant sprintf)(char *,
                                  char const *,
                                  ...);
################################################################################
#                                                                              #
#      IAR Universal Linker V4.61L/W32                                         #
#                                                                              #
#           Link time     =  28/Nov/2018  16:26:50                             #
#           Target CPU    =  x51                                               #
#           List file     =  "C:\Firmware RPS\DSY-6\Debug\List\DSY-6.map"      #
#           Output file 1 =  "C:\Firmware RPS\DSY-6\Debug\Exe\DSY-6.sym"       #
#                            Format: mpds-symb                                 #
#           Output file 2 =  "C:\Firmware RPS\DSY-6\Debug\Exe\DSY-6.hex"       #
#                            Format: intel-standard                            #
#           Command line  =  "-IC:\Program Files (x86)\IAR Systems\Embedded Wo #
#                            rkbench 5.3\8051\CONFIG\"                         #
#                            -D_NR_OF_BANKS=0 -D_CODEBANK_END=0                #
#                            -D_CODEBANK_START=0                               #
#                            "C:\Firmware RPS\DSY-6\Debug\Obj\CAN.r51"         #
#                            "C:\Firmware RPS\DSY-6\Debug\Obj\I2C.r51"         #
#                            "C:\Firmware RPS\DSY-6\Debug\Obj\MemoryBank.r51"  #
#                            "C:\Firmware RPS\DSY-6\Debug\Obj\ProcessCode.r51" #
#                            "C:\Firmware RPS\DSY-6\Debug\Obj\SafetyBus.r51"   #
#                            "C:\Firmware RPS\DSY-6\Debug\Obj\Supervisor.r51"  #
#                            "C:\Firmware RPS\DSY-6\Debug\Obj\adc.r51"         #
#                            "C:\Firmware RPS\DSY-6\Debug\Obj\fondo.r51"       #
#                            "C:\Firmware RPS\DSY-6\Debug\Obj\main_DSY.r51"    #
#                            "C:\Firmware RPS\DSY-6\Debug\Obj\module_DSY.r51"  #
#                            "C:\Firmware RPS\DSY-6\Debug\Obj\ssd1963_text.r51 #
#                            "                                                 #
#                            -o "C:\Firmware RPS\DSY-6\Debug\Exe\DSY-6.hex"    #
#                            -Fmpds-i -l                                       #
#                            "C:\Firmware RPS\DSY-6\Debug\List\DSY-6.map"      #
#                            -xmsnio                                           #
#                            "-IC:\Program Files (x86)\IAR Systems\Embedded Wo #
#                            rkbench 5.3\8051\LIB\"                            #
#                            -f                                                #
#                            "C:\Program Files (x86)\IAR Systems\Embedded Work #
#                            bench 5.3\8051\config\lnk51ew.xcl"                #
#                            (-D_IDATA_END=0xFF -D_PDATA_START=0x0F01          #
#                            -D_PDATA_END=0x0FFF -D_IXDATA_START=1             #
#                            -D_IXDATA_END=FFF -D_XDATA_START=0x000001         #
#                            -D_XDATA_END=0x00FFFF -D_CODE_START=0x000000      #
#                            -D_CODE_END=0xFFFFFF -D_NEAR_CODE_END=0xFFFF      #
#                            -D_FAR_DATA_NR_OF_BANKS=0x0E                      #
#                            -D_FAR_DATA_START=0x010001                        #
#                            -D_FAR_DATA_END=0xFFFFFF                          #
#                            -D_FAR_CODE_START=_CODE_START                     #
#                            -D_FAR_CODE_END=_CODE_END -D?REGISTER_BANK=0      #
#                            -D_REGISTER_BANK_START=0 -D?PBANK_NUMBER=0F       #
#                            -D?PBANK=A0 -D?PBANK_EXT=0xEA                     #
#                            -D_BREG_START=0x00 -D?VB=0x20                     #
#                            -D_FIRST_BANK_ADDR=0                              #
#                            -P(CODE)BANKED_CODE_EXT2_C=[0x0F0000-0x0FFFFF]    #
#                            -P(CODE)BANKED_CODE_EXT2_N=[0x0F0000-0x0FFFFF]    #
#                            -KBANKED_EXT2=10000,15                            #
#                            -Z(CODE)BANKED_EXT2#FFF0-FFFF                     #
#                            -P(CODE)BANKED_CODE_INTERRUPTS_EXT2=[0x00E0100-0x #
#                            00EFFFF]                                          #
#                            -P(CODE)INTVEC_EXT2=[0x0E0000-0x0EFFFF] -f        #
#                            lnk_base.xcl (-Z(BIT)BREG=_BREG_START             #
#                            -Z(BIT)BIT_N=0-7F                                 #
#                            -Z(DATA)REGISTERS+8=_REGISTER_BANK_START          #
#                            -Z(DATA)BDATA_Z,BDATA_N,BDATA_I=20-2F             #
#                            -Z(DATA)VREG+_NR_OF_VIRTUAL_REGISTERS=08-7F       #
#                            -Z(DATA)PSP,XSP=08-7F -Z(DATA)DOVERLAY=08-7F      #
#                            -Z(DATA)DATA_I,DATA_Z,DATA_N=08-7F                #
#                            -U(IDATA)0-7F=(DATA)0-7F                          #
#                            -Z(IDATA)IDATA_I,IDATA_Z,IDATA_N=08-_IDATA_END    #
#                            -Z(IDATA)ISTACK+_IDATA_STACK_SIZE#08-_IDATA_END   #
#                            -Z(IDATA)IOVERLAY=08-FF -Z(CODE)INTVEC=0          #
#                            -Z(CODE)CSTART=_CODE_START-_CODE_END              #
#                            -Z(CODE)BIT_ID,BDATA_ID,DATA_ID,IDATA_ID,IXDATA_I #
#                            D,PDATA_ID,XDATA_ID=_CODE_START-_CODE_END         #
#                            -Z(CODE)HUGE_ID=_FAR_CODE_START-_FAR_CODE_END     #
#                            -Z(CODE)BANK_RELAYS,RCODE,DIFUNCT,CODE_C,CODE_N,N #
#                            EAR_CODE=_CODE_START-_CODE_END                    #
#                            -P(CODE)BANKED_CODE=_CODE_START-_CODE_END,[(_CODE #
#                            BANK_START+_FIRST_BANK_ADDR)-(_CODEBANK_END+_FIRS #
#                            T_BANK_ADDR)]*_NR_OF_BANKS+10000                  #
#                            -P(CODE)FAR_CODE_C,FAR_CODE_N,FAR_CODE=[_FAR_CODE #
#                            _START-_FAR_CODE_END]/10000                       #
#                            -P(CODE)HUGE_CODE_C=_FAR_CODE_START-_FAR_CODE_END #
#                            -Z(CODE)CHECKSUM#_CODE_END                        #
#                            -Z(XDATA)EXT_STACK+_EXTENDED_STACK_SIZE=_EXTENDED #
#                            _STACK_START                                      #
#                            -Z(XDATA)PSTACK+_PDATA_STACK_SIZE=_PDATA_START-_P #
#                            DATA_END                                          #
#                            -Z(XDATA)XSTACK+_XDATA_STACK_SIZE=_XDATA_START-_X #
#                            DATA_END                                          #
#                            -Z(XDATA)PDATA_Z,PDATA_I=_PDATA_START-_PDATA_END  #
#                            -P(XDATA)PDATA_N=_PDATA_START-_PDATA_END          #
#                            -Z(XDATA)IXDATA_Z,IXDATA_I=_IXDATA_START-_IXDATA_ #
#                            END                                               #
#                            -P(XDATA)IXDATA_N=_IXDATA_START-_IXDATA_END       #
#                            -Z(XDATA)XDATA_Z,XDATA_I=_XDATA_START-_XDATA_END  #
#                            -P(XDATA)XDATA_N=_XDATA_START-_XDATA_END          #
#                            -Z(XDATA)XDATA_HEAP+_XDATA_HEAP_SIZE=_XDATA_START #
#                            -_XDATA_END                                       #
#                            -Z(CONST)XDATA_ROM_C=_XDATA_START-_XDATA_END      #
#                            -Z(XDATA)FAR_Z=[_FAR_DATA_START-_FAR_DATA_END]/10 #
#                            000                                               #
#                            -Z(XDATA)FAR_I=[_FAR_DATA_START-_FAR_DATA_END]/10 #
#                            000                                               #
#                            -Z(CODE)FAR_ID=[_FAR_CODE_START-_FAR_CODE_END]/10 #
#                            000                                               #
#                            -Z(XDATA)FAR_HEAP+_FAR_HEAP_SIZE=[_FAR_DATA_START #
#                            -_FAR_DATA_END]/10000                             #
#                            -P(XDATA)FAR_N=[_FAR_DATA_START-_FAR_DATA_END]*_F #
#                            AR_DATA_NR_OF_BANKS+10000                         #
#                            -P(CONST)FAR_ROM_C=[_FAR_DATA_START-_FAR_DATA_END #
#                            ]*_FAR_DATA_NR_OF_BANKS+10000                     #
#                            -Z(XDATA)HUGE_Z,HUGE_I=_FAR_DATA_START-_FAR_DATA_ #
#                            END                                               #
#                            -P(XDATA)HUGE_N=_FAR_DATA_START-_FAR_DATA_END     #
#                            -Z(XDATA)HUGE_HEAP+_HUGE_HEAP_SIZE=_FAR_DATA_STAR #
#                            T-_FAR_DATA_END                                   #
#                            -Z(CONST)HUGE_ROM_C=_FAR_DATA_START-_FAR_DATA_END #
#                            -cx51) -D?ESP=9B -D?ACON=9D -D?DPS1=F6 -D?TA=C7   #
#                            -D?MCON=C6) -D_NR_OF_VIRTUAL_REGISTERS=8 -s       #
#                            __program_start                                   #
#                            "C:\Program Files (x86)\IAR Systems\Embedded Work #
#                            bench 5.3\8051\LIB\DLIB\dl-pli-nlxd-1e16x01.r51"  #
#                            -D_IDATA_STACK_SIZE=0x40                          #
#                            -D_EXTENDED_STACK_START=0x00                      #
#                            -D_EXTENDED_STACK_SIZE=0x00                       #
#                            -D_PDATA_STACK_SIZE=0x80                          #
#                            -D_XDATA_STACK_SIZE=0xEFF                         #
#                            -D_XDATA_HEAP_SIZE=0xFF -D_FAR_HEAP_SIZE=0xFFF    #
#                            -D_HUGE_HEAP_SIZE=0xFFF                           #
#                                                                              #
#                           Copyright (C) 1987-2009 IAR Systems AB.            #
################################################################################





                ****************************************
                *                                      *
                *           CROSS REFERENCE            *
                *                                      *
                ****************************************

       Program entry at : CODE      000000E9  Relocatable, from module : CSTARTUP




                ****************************************
                *                                      *
                *            RUNTIME MODEL             *
                *                                      *
                ****************************************

  __calling_convention     = xdata_reentrant
  __code_model             = near
  __core                   = plain
  __data_model             = large
  __dptr_size              = 16
  __extended_stack         = disabled
  __location_for_constants = data
  __number_of_dptrs        = 1
  __rt_version             = 1



                ****************************************
                *                                      *
                *              MODULE MAP              *
                *                                      *
                ****************************************


  DEFINED ABSOLUTE ENTRIES
    *************************************************************************

  DEFINED ABSOLUTE ENTRIES
  PROGRAM MODULE, NAME : ?ABS_ENTRY_MOD

Absolute parts
           ENTRY                   ADDRESS         REF BY
           =====                   =======         ======
           _HUGE_HEAP_SIZE         00000FFF 
           _FAR_HEAP_SIZE          00000FFF 
           _XDATA_HEAP_SIZE        000000FF 
           _XDATA_STACK_SIZE       00000EFF 
           _PDATA_STACK_SIZE       00000080 
           _EXTENDED_STACK_SIZE    00000000 
           _EXTENDED_STACK_START   00000000 
           _IDATA_STACK_SIZE       00000040 
           _NR_OF_VIRTUAL_REGISTERS
                                   00000008 
           ?MCON                   000000C6 
           ?TA                     000000C7 
           ?DPS1                   000000F6 
           ?ACON                   0000009D 
           ?ESP                    0000009B 
           _FIRST_BANK_ADDR        00000000 
           ?VB                     00000020        ?FUNC_ENTER_XDATA (?FUNC_ENTER_XDATA)
                                                   ?FUNC_LEAVE_XDATA (?FUNC_LEAVE_XDATA)
                                                   ?INTERRUPT_ENTER_XSP (?INTERRUPT_ENTER_XSP)
                                                   ?INTERRUPT_LEAVE_XSP (?INTERRUPT_LEAVE_XSP)
           _BREG_START             00000000 
           ?PBANK_EXT              000000EA 
           ?PBANK                  000000A0 
           ?PBANK_NUMBER           0000000F 
           _REGISTER_BANK_START    00000000 
           ?REGISTER_BANK          00000000        Segment part 6 (CSTARTUP)
           _FAR_CODE_END           00FFFFFF 
           _FAR_CODE_START         00000000 
           _FAR_DATA_END           00FFFFFF 
           _FAR_DATA_START         00010001 
           _FAR_DATA_NR_OF_BANKS   0000000E 
           _NEAR_CODE_END          0000FFFF 
           _CODE_END               00FFFFFF 
           _CODE_START             00000000 
           _XDATA_END              0000FFFF 
           _XDATA_START            00000001 
           _IXDATA_END             00000FFF 
           _IXDATA_START           00000001 
           _PDATA_END              00000FFF 
           _PDATA_START            00000F01 
           _IDATA_END              000000FF 
           _CODEBANK_START         00000000 
           _CODEBANK_END           00000000 
           _NR_OF_BANKS            00000000 
    *************************************************************************

  FILE NAME : C:\Firmware RPS\DSY-6\Debug\Obj\CAN.r51
  PROGRAM MODULE, NAME : CAN

  SEGMENTS IN THE MODULE
  ======================
SFR_AN
  Relative segment, address: DATA 000000A8 - 000000A8 (0x1 bytes), align: 0
  Segment part 1. ROOT.       Intra module refs:   canRxData
                                                   configurationGetData (MemoryBank)
                                                   feed_WD (Supervisor)
                                                   lectura (adc)
                                                   main (main_DSY)
                                                   procesarCAN (SafetyBus)
           ENTRY                   ADDRESS         REF BY
           =====                   =======         ======
           _A_IE                   000000A8 
    -------------------------------------------------------------------------
SFR_AN
  Relative segment, address: DATA 000000C0 - 000000C0 (0x1 bytes), align: 0
  Segment part 2. ROOT.       Intra module refs:   ISRname
           ENTRY                   ADDRESS         REF BY
           =====                   =======         ======
           _A_CAN0STA              000000C0 
    -------------------------------------------------------------------------
SFR_AN
  Relative segment, address: DATA 000000F8 - 000000F8 (0x1 bytes), align: 0
  Segment part 3. ROOT.       Intra module refs:   _ssd1963_write_command (ssd1963_text)
                                                   _ssd1963_write_data8 (ssd1963_text)
                                                   canInit
                                                   feed_WD (Supervisor)
                                                   modulePortInit (module_DSY)
           ENTRY                   ADDRESS         REF BY
           =====                   =======         ======
           _A_CAN0CN               000000F8 
    -------------------------------------------------------------------------
SFR_AN
  Relative segment, address: DATA 000000DA - 000000DA (0x1 bytes), align: 0
  Segment part 4. ROOT.       Intra module refs:   canClearAllMessageObject
                                                   canInit
                                                   canInitRxMessageObject
                                                   canInitTxMessageObject
                                                   canRxData
                                                   canTxData
           ENTRY                   ADDRESS         REF BY
           =====                   =======         ======
           _A_PCA0CPM0             000000DA 
    -------------------------------------------------------------------------
SFR_AN
  Relative segment, address: DATA 000000D8 - 000000D8 (0x1 bytes), align: 0
  Segment part 5. ROOT.       Intra module refs:   canClearAllMessageObject
                                                   canInit
                                                   canInitRxMessageObject
                                                   canInitTxMessageObject
                                                   canRxData
                                                   canTxData
                                                   modulePortInit (module_DSY)
           ENTRY                   ADDRESS         REF BY
           =====                   =======         ======
           _A_PCA0CN               000000D8 
    -------------------------------------------------------------------------
SFR_AN
  Relative segment, address: DATA 000000D9 - 000000D9 (0x1 bytes), align: 0
  Segment part 6. ROOT.       Intra module refs:   canClearAllMessageObject
                                                   canInit
                                                   canInitRxMessageObject
                                                   canInitTxMessageObject
                                                   canRxData
                                                   canTxData
           ENTRY                   ADDRESS         REF BY
           =====                   =======         ======
           _A_PCA0MD               000000D9 
    -------------------------------------------------------------------------
SFR_AN
  Relative segment, address: DATA 000000C8 - 000000C8 (0x1 bytes), align: 0
  Segment part 7. ROOT.       Intra module refs:   _ssd1963_write_command (ssd1963_text)
                                                   _ssd1963_write_data8 (ssd1963_text)
                                                   canGetModuleAddress
                                                   main (main_DSY)
                                                   modulePortInit (module_DSY)
           ENTRY                   ADDRESS         REF BY
           =====                   =======         ======
           _A_P4                   000000C8 
    -------------------------------------------------------------------------
SFR_AN
  Relative segment, address: DATA 00000084 - 00000084 (0x1 bytes), align: 0
  Segment part 8. ROOT.       Intra module refs:   ISRname
                                                   ad_init (adc)
                                                   canClearAllMessageObject
                                                   canGetModuleAddress
                                                   canInit
                                                   canInitRxMessageObject
                                                   canInitTxMessageObject
                                                   canRxData
                                                   canTxData
                                                   external_osc (module_DSY)
                                                   feed_WD (Supervisor)
                                                   i2cInit (I2C)
                                                   i2cReadDataArray (I2C)
                                                   i2cWriteDataArray (I2C)
                                                   lectura (adc)
                                                   main (main_DSY)
                                                   modulePortInit (module_DSY)
           ENTRY                   ADDRESS         REF BY
           =====                   =======         ======
           SFRPAGE                 00000084 
    -------------------------------------------------------------------------
XDATA_Z
  Relative segment, address: XDATA 00000F00 - 00000F00 (0x1 bytes), align: 0
  Segment part 15.            Intra module refs:   canRxData
           ENTRY                   ADDRESS         REF BY
           =====                   =======         ======
           dirmod                  00000F00        TXCanDiagnostico (SafetyBus)
                                                   feed_WD (Supervisor)
                                                   safetyBusInitSlave (SafetyBus)
                                                   safetyBusTxFrameData (SafetyBus)
    -------------------------------------------------------------------------
XDATA_Z
  Relative segment, address: XDATA 00000F01 - 00000F10 (0x10 bytes), align: 0
  Segment part 16.            Intra module refs:   canRxData
           ENTRY                   ADDRESS         REF BY
           =====                   =======         ======
           CAN_DatoRX              00000F01        ConfigCalib (module_DSY)
                                                   procesarCAN (SafetyBus)
    -------------------------------------------------------------------------
XDATA_Z
  Relative segment, address: XDATA 00000F11 - 00000F18 (0x8 bytes), align: 0
  Segment part 17.            Intra module refs:   canTxData
           ENTRY                   ADDRESS         REF BY
           =====                   =======         ======
           CAN_DatoTX              00000F11        TXCanDiagnostico (SafetyBus)
                                                   safetyBusTxFrameData (SafetyBus)
    -------------------------------------------------------------------------
XDATA_Z
  Relative segment, address: XDATA 00000F19 - 00000F20 (0x8 bytes), align: 0
  Segment part 18.            Intra module refs:   canRxData
           ENTRY                   ADDRESS         REF BY
           =====                   =======         ======
           CAN_aux                 00000F19 
    -------------------------------------------------------------------------
XDATA_Z
  Relative segment, address: XDATA 00000F21 - 00000F21 (0x1 bytes), align: 0
  Segment part 19.
           ENTRY                   ADDRESS         REF BY
           =====                   =======         ======
           ResetSup                00000F21        procesarCAN (SafetyBus)
    -------------------------------------------------------------------------
BIT_N
  Relative segment, address: BIT 00000021.0 - 00000021.0 (0x1 bits), align: 0
  Segment part 20.            Intra module refs:   canInit
                                                   canRxData
           ENTRY                   ADDRESS         REF BY
           =====                   =======         ======
           CAN_tx                  00000021.0      main (main_DSY)
                                                   procesarCAN (SafetyBus)
    -------------------------------------------------------------------------
BIT_N
  Segment part 21. NOT NEEDED.
           ENTRY                   ADDRESS         REF BY
           =====                   =======         ======
           Preg                    
    -------------------------------------------------------------------------
XDATA_Z
  Relative segment, address: XDATA 00000F22 - 00000F22 (0x1 bytes), align: 0
  Segment part 22.            Intra module refs:   canInit
                                                   canRxData
           ENTRY                   ADDRESS         REF BY
           =====                   =======         ======
           verificador             00000F22        TXCanDiagnostico (SafetyBus)
                                                   safetyBusTxFrameData (SafetyBus)
    -------------------------------------------------------------------------
XDATA_Z
  Relative segment, address: XDATA 00000F23 - 00000F23 (0x1 bytes), align: 0
  Segment part 23.            Intra module refs:   canRxData
           ENTRY                   ADDRESS         REF BY
           =====                   =======         ======
           msj                     00000F23 
    -------------------------------------------------------------------------
XDATA_Z
  Relative segment, address: XDATA 00000F24 - 00000F24 (0x1 bytes), align: 0
  Segment part 24.            Intra module refs:   canRxData
           ENTRY                   ADDRESS         REF BY
           =====                   =======         ======
           CantRx                  00000F24 
    -------------------------------------------------------------------------
XDATA_Z
  Relative segment, address: XDATA 00000F25 - 00000F25 (0x1 bytes), align: 0
  Segment part 25.            Intra module refs:   canRxData
           ENTRY                   ADDRESS         REF BY
           =====                   =======         ======
           ReinicioCAN             00000F25        feed_WD (Supervisor)
    -------------------------------------------------------------------------
XDATA_Z
  Segment part 26. NOT NEEDED.
           ENTRY                   ADDRESS         REF BY
           =====                   =======         ======
           cmd_TX                  
    -------------------------------------------------------------------------
XDATA_Z
  Segment part 27. NOT NEEDED.
           ENTRY                   ADDRESS         REF BY
           =====                   =======         ======
           slave_diag              
    -------------------------------------------------------------------------
XDATA_Z
  Segment part 28. NOT NEEDED.
           ENTRY                   ADDRESS         REF BY
           =====                   =======         ======
           dir_cont                
    -------------------------------------------------------------------------
NEAR_CODE
  Relative segment, address: CODE 0000509B - 000050D1 (0x37 bytes), align: 0
  Segment part 29.
           ENTRY                   ADDRESS         REF BY
           =====                   =======         ======
           canInit                 0000509B        feed_WD (Supervisor)
                                                   safetyBusInitSlave (SafetyBus)
               ISTACK = 00000000 ( 00000002 )
    -------------------------------------------------------------------------
NEAR_CODE
  Relative segment, address: CODE 000050D2 - 000050E0 (0xf bytes), align: 0
  Segment part 30.
           ENTRY                   ADDRESS         REF BY
           =====                   =======         ======
           canGetModuleAddress     000050D2        safetyBusInitSlave (SafetyBus)
    -------------------------------------------------------------------------
NEAR_CODE
  Relative segment, address: CODE 000050E1 - 0000514C (0x6c bytes), align: 0
  Segment part 31.
           ENTRY                   ADDRESS         REF BY
           =====                   =======         ======
           canInitRxMessageObject
                                   000050E1        safetyBusInitSlave (SafetyBus)
               ISTACK = 00000000 ( 00000002 )
    -------------------------------------------------------------------------
NEAR_CODE
  Relative segment, address: CODE 0000514D - 000051BB (0x6f bytes), align: 0
  Segment part 32.
           ENTRY                   ADDRESS         REF BY
           =====                   =======         ======
           canInitTxMessageObject
                                   0000514D        safetyBusInitSlave (SafetyBus)
               ISTACK = 00000000 ( 00000002 )
    -------------------------------------------------------------------------
NEAR_CODE
  Relative segment, address: CODE 000051BC - 00005207 (0x4c bytes), align: 0
  Segment part 33.
           ENTRY                   ADDRESS         REF BY
           =====                   =======         ======
           canClearAllMessageObject
                                   000051BC        safetyBusInitSlave (SafetyBus)
    -------------------------------------------------------------------------
NEAR_CODE
  Relative segment, address: CODE 00005208 - 00005286 (0x7f bytes), align: 0
  Segment part 34.
           ENTRY                   ADDRESS         REF BY
           =====                   =======         ======
           canTxData               00005208        TXCanDiagnostico (SafetyBus)
                                                   safetyBusTxFrameData (SafetyBus)
               XSTACK = 00000000 ( 00000009 )
               ISTACK = 00000000 ( 00000001 )
    -------------------------------------------------------------------------
NEAR_CODE
  Relative segment, address: CODE 00005287 - 000052CB (0x45 bytes), align: 0
  Segment part 35.            Intra module refs:   ISRname::??INTVEC 155
           ENTRY                   ADDRESS         REF BY
           =====                   =======         ======
           ISRname                 00005287 
               interrupt function
               calls direct
               ISTACK = 00000000 ( 0000000F )
    -------------------------------------------------------------------------
NEAR_CODE
  Relative segment, address: CODE 000052CC - 00005475 (0x1aa bytes), align: 0
  Segment part 36.            Intra module refs:   ISRname
           ENTRY                   ADDRESS         REF BY
           =====                   =======         ======
           canRxData               000052CC 
               ISTACK = 00000000 ( 00000002 )
    -------------------------------------------------------------------------
INTVEC
  Common segment, address: CODE 00000000 - 0000009D (0x9e bytes), align: 0
  Segment part 9. ROOT.
           ENTRY                   ADDRESS         REF BY
           =====                   =======         ======
           ISRname::??INTVEC 155   0000009B 
    -------------------------------------------------------------------------
ISTACK
  Segment part 10. NOT NEEDED.
    -------------------------------------------------------------------------
PSTACK
  Segment part 11. NOT NEEDED.
    -------------------------------------------------------------------------
XSTACK
  Segment part 12. NOT NEEDED.
    -------------------------------------------------------------------------
IOVERLAY
  Segment part 13. NOT NEEDED.
    -------------------------------------------------------------------------
DOVERLAY
  Segment part 14. NOT NEEDED.

    *************************************************************************

  FILE NAME : C:\Firmware RPS\DSY-6\Debug\Obj\I2C.r51
  PROGRAM MODULE, NAME : I2C

  SEGMENTS IN THE MODULE
  ======================
SFR_AN
  Relative segment, address: DATA 00000080 - 00000080 (0x1 bytes), align: 0
  Segment part 1. ROOT.       Intra module refs:   _ssd1963_write_command (ssd1963_text)
                                                   _ssd1963_write_data8 (ssd1963_text)
                                                   i2cInit
                                                   i2cReadData
                                                   i2cReadDataArray
                                                   i2cWriteData
                                                   i2cWriteDataArray
                                                   modulePortInit (module_DSY)
                                                   ssd1963_init (ssd1963_text)
           ENTRY                   ADDRESS         REF BY
           =====                   =======         ======
           _A_P0                   00000080 
    -------------------------------------------------------------------------
SFR_AN
  Segment part 2. TENTATIVE. Used definition from CAN
           ENTRY                   ADDRESS         REF BY
           =====                   =======         ======
           SFRPAGE                 
    -------------------------------------------------------------------------
NEAR_CODE
  Relative segment, address: CODE 00005476 - 000054DB (0x66 bytes), align: 0
  Segment part 8.
           ENTRY                   ADDRESS         REF BY
           =====                   =======         ======
           i2cInit                 00005476        configurationGetData (MemoryBank)
                                                   memoryBankInit (MemoryBank)
    -------------------------------------------------------------------------
NEAR_CODE
  Relative segment, address: CODE 000054DC - 00005555 (0x7a bytes), align: 0
  Segment part 9.             Intra module refs:   i2cReadDataArray
           ENTRY                   ADDRESS         REF BY
           =====                   =======         ======
           i2cReadData             000054DC 
               XSTACK = 0000000E ( 00000000 )
    -------------------------------------------------------------------------
NEAR_CODE
  Relative segment, address: CODE 00005556 - 000055C4 (0x6f bytes), align: 0
  Segment part 10.            Intra module refs:   i2cReadDataArray
                                                   i2cWriteDataArray
           ENTRY                   ADDRESS         REF BY
           =====                   =======         ======
           i2cWriteData            00005556 
               XSTACK = 0000000E ( 00000000 )
    -------------------------------------------------------------------------
NEAR_CODE
  Relative segment, address: CODE 000055C5 - 000056FB (0x137 bytes), align: 0
  Segment part 11.
           ENTRY                   ADDRESS         REF BY
           =====                   =======         ======
           i2cReadDataArray        000055C5        configurationGetData (MemoryBank)
                                                   configurationSaveData (MemoryBank)
               calls direct
               XSTACK = 00000001 ( 0000000E )
               ISTACK = 00000000 ( 00000001 )
    -------------------------------------------------------------------------
NEAR_CODE
  Relative segment, address: CODE 000056FC - 000057E2 (0xe7 bytes), align: 0
  Segment part 12.
           ENTRY                   ADDRESS         REF BY
           =====                   =======         ======
           i2cWriteDataArray       000056FC        configurationSaveData (MemoryBank)
                                                   faultResetAllData (MemoryBank)
                                                   incrContErrores (Supervisor)
               calls direct
               XSTACK = 00000001 ( 0000000C )
    -------------------------------------------------------------------------
ISTACK
  Segment part 3. NOT NEEDED.
    -------------------------------------------------------------------------
PSTACK
  Segment part 4. NOT NEEDED.
    -------------------------------------------------------------------------
XSTACK
  Segment part 5. NOT NEEDED.
    -------------------------------------------------------------------------
IOVERLAY
  Segment part 6. NOT NEEDED.
    -------------------------------------------------------------------------
DOVERLAY
  Segment part 7. NOT NEEDED.

    *************************************************************************

  FILE NAME : C:\Firmware RPS\DSY-6\Debug\Obj\MemoryBank.r51
  PROGRAM MODULE, NAME : MemoryBank

  SEGMENTS IN THE MODULE
  ======================
SFR_AN
  Segment part 1. TENTATIVE. Used definition from CAN
           ENTRY                   ADDRESS         REF BY
           =====                   =======         ======
           _A_IE                   
    -------------------------------------------------------------------------
XDATA_Z
  Relative segment, address: XDATA 00000F26 - 00000F26 (0x1 bytes), align: 0
  Segment part 7.             Intra module refs:   configurationGetData
                                                   configurationSaveData
           ENTRY                   ADDRESS         REF BY
           =====                   =======         ======
           configurationErrorRW    00000F26 
    -------------------------------------------------------------------------
XDATA_Z
  Relative segment, address: XDATA 00000F27 - 00000F27 (0x1 bytes), align: 0
  Segment part 8.             Intra module refs:   faultResetAllData
           ENTRY                   ADDRESS         REF BY
           =====                   =======         ======
           faultErrorRW            00000F27 
    -------------------------------------------------------------------------
XDATA_Z
  Relative segment, address: XDATA 00000F28 - 00000F28 (0x1 bytes), align: 0
  Segment part 9.
           ENTRY                   ADDRESS         REF BY
           =====                   =======         ======
           V_NIM_OK_Cont           00000F28        TXCanDiagnostico (SafetyBus)
    -------------------------------------------------------------------------
XDATA_I
  Relative segment, address: XDATA 00001019 - 00001019 (0x1 bytes), align: 0
  Segment part 10.
           ENTRY                   ADDRESS         REF BY
           =====                   =======         ======
           Inicio_uC               00001019        main (main_DSY)
    -------------------------------------------------------------------------
XDATA_Z
  Relative segment, address: XDATA 00000F29 - 00000F29 (0x1 bytes), align: 0
  Segment part 12.            Intra module refs:   configurationGetData
                                                   configurationSaveData
           ENTRY                   ADDRESS         REF BY
           =====                   =======         ======
           ContErr_EEPROM          00000F29        TXCanDiagnostico (SafetyBus)
    -------------------------------------------------------------------------
XDATA_Z
  Relative segment, address: XDATA 00000F2A - 00000F2A (0x1 bytes), align: 0
  Segment part 13.
           ENTRY                   ADDRESS         REF BY
           =====                   =======         ======
           ContErr_Discrep         00000F2A        TXCanDiagnostico (SafetyBus)
    -------------------------------------------------------------------------
XDATA_Z
  Relative segment, address: XDATA 00000F2B - 00000F36 (0xc bytes), align: 0
  Segment part 14.
           ENTRY                   ADDRESS         REF BY
           =====                   =======         ======
           faultTotalCounter       00000F2B        incrContErrores (Supervisor)
    -------------------------------------------------------------------------
XDATA_Z
  Relative segment, address: XDATA 00000F37 - 00000F42 (0xc bytes), align: 0
  Segment part 15.            Intra module refs:   Segment part 31
                                                   faultResetAllData
           ENTRY                   ADDRESS         REF BY
           =====                   =======         ======
           faultPartialCounter     00000F37        TXCanDiagnostico (SafetyBus)
                                                   feed_WD (Supervisor)
                                                   incrContErrores (Supervisor)
    -------------------------------------------------------------------------
XDATA_Z
  Relative segment, address: XDATA 00000F43 - 00000F44 (0x2 bytes), align: 0
  Segment part 16.            Intra module refs:   configurationGetData
                                                   configurationSaveData
           ENTRY                   ADDRESS         REF BY
           =====                   =======         ======
           faultFlags              00000F43        TXCanDiagnostico (SafetyBus)
                                                   safetyBusTxFrameData (SafetyBus)
    -------------------------------------------------------------------------
XDATA_Z
  Relative segment, address: XDATA 00000F45 - 00000F45 (0x1 bytes), align: 0
  Segment part 17.
           ENTRY                   ADDRESS         REF BY
           =====                   =======         ======
           microOK                 00000F45        feed_WD (Supervisor)
                                                   main (main_DSY)
    -------------------------------------------------------------------------
XDATA_Z
  Relative segment, address: XDATA 00000F46 - 00000F88 (0x43 bytes), align: 0
  Segment part 18.            Intra module refs:   Segment part 22
                                                   configurationSaveData
           ENTRY                   ADDRESS         REF BY
           =====                   =======         ======
           ParamV                  00000F46 
    -------------------------------------------------------------------------
XDATA_I
  Relative segment, address: XDATA 0000101A - 0000101B (0x2 bytes), align: 0
  Segment part 19.            Intra module refs:   configurationGetData
                                                   configurationSaveData
           ENTRY                   ADDRESS         REF BY
           =====                   =======         ======
           pointerStruct           0000101A 
    -------------------------------------------------------------------------
XDATA_I
  Relative segment, address: XDATA 0000101C - 0000101D (0x2 bytes), align: 0
  Segment part 21.            Intra module refs:   configurationSaveData
           ENTRY                   ADDRESS         REF BY
           =====                   =======         ======
           pointerStructV          0000101C 
    -------------------------------------------------------------------------
XDATA_I
  Relative segment, address: XDATA 0000101E - 0000101E (0x1 bytes), align: 0
  Segment part 23.            Intra module refs:   configurationGetData
                                                   configurationSaveData
           ENTRY                   ADDRESS         REF BY
           =====                   =======         ======
           sizeOfParam             0000101E 
    -------------------------------------------------------------------------
XDATA_I
  Relative segment, address: XDATA 0000101F - 0000101F (0x1 bytes), align: 0
  Segment part 25.            Intra module refs:   configurationSaveData
           ENTRY                   ADDRESS         REF BY
           =====                   =======         ======
           sizeOfParamV            0000101F 
    -------------------------------------------------------------------------
XDATA_Z
  Relative segment, address: XDATA 00000F89 - 00000F89 (0x1 bytes), align: 0
  Segment part 27.            Intra module refs:   configurationGetData
                                                   configurationSaveData
           ENTRY                   ADDRESS         REF BY
           =====                   =======         ======
           checkCRC                00000F89 
    -------------------------------------------------------------------------
XDATA_I
  Segment part 28. NOT NEEDED.
           ENTRY                   ADDRESS         REF BY
           =====                   =======         ======
           pointerStructTotal      
    -------------------------------------------------------------------------
XDATA_I
  Relative segment, address: XDATA 00001020 - 00001021 (0x2 bytes), align: 0
  Segment part 30.            Intra module refs:   faultResetAllData
           ENTRY                   ADDRESS         REF BY
           =====                   =======         ======
           pointerStructPartial    00001020 
    -------------------------------------------------------------------------
XDATA_I
  Segment part 32. NOT NEEDED.
           ENTRY                   ADDRESS         REF BY
           =====                   =======         ======
           sizeOfTotalFault        
    -------------------------------------------------------------------------
XDATA_I
  Relative segment, address: XDATA 00001022 - 00001022 (0x1 bytes), align: 0
  Segment part 34.            Intra module refs:   faultResetAllData
           ENTRY                   ADDRESS         REF BY
           =====                   =======         ======
           sizeOfPartialFault      00001022 
    -------------------------------------------------------------------------
NEAR_CODE
  Relative segment, address: CODE 000057E3 - 000057E6 (0x4 bytes), align: 0
  Segment part 36.
           ENTRY                   ADDRESS         REF BY
           =====                   =======         ======
           memoryBankInit          000057E3        main (main_DSY)
               calls direct
    -------------------------------------------------------------------------
NEAR_CODE
  Relative segment, address: CODE 000057E7 - 00005C7A (0x494 bytes), align: 0
  Segment part 37.
           ENTRY                   ADDRESS         REF BY
           =====                   =======         ======
           configurationGetData    000057E7        main (main_DSY)
               calls direct
               XSTACK = 00000000 ( 0000000A )
               ISTACK = 00000000 ( 00000001 )
    -------------------------------------------------------------------------
NEAR_CODE
  Relative segment, address: CODE 00005C7B - 00005EA1 (0x227 bytes), align: 0
  Segment part 38.
           ENTRY                   ADDRESS         REF BY
           =====                   =======         ======
           configurationSaveData   00005C7B        ConfigCalib (module_DSY)
               calls direct
               XSTACK = 00000000 ( 0000000A )
               ISTACK = 00000000 ( 00000001 )
    -------------------------------------------------------------------------
NEAR_CODE
  Segment part 39. NOT NEEDED.
           ENTRY                   ADDRESS         REF BY
           =====                   =======         ======
           configurationTestData   
               calls direct, is not allocated
    -------------------------------------------------------------------------
NEAR_CODE
  Segment part 40. NOT NEEDED.
           ENTRY                   ADDRESS         REF BY
           =====                   =======         ======
           faultSaveAddData        
               calls direct, is not allocated
    -------------------------------------------------------------------------
NEAR_CODE
  Relative segment, address: CODE 00005EA2 - 00005F37 (0x96 bytes), align: 0
  Segment part 41.
           ENTRY                   ADDRESS         REF BY
           =====                   =======         ======
           faultResetAllData       00005EA2        incrContErrores (Supervisor)
               calls direct
               XSTACK = 00000009 ( 00000009 )
    -------------------------------------------------------------------------
NEAR_CODE
  Segment part 42. NOT NEEDED.
           ENTRY                   ADDRESS         REF BY
           =====                   =======         ======
           faultGetData            
               calls direct, is not allocated
    -------------------------------------------------------------------------
ISTACK
  Segment part 2. NOT NEEDED.
    -------------------------------------------------------------------------
PSTACK
  Segment part 3. NOT NEEDED.
    -------------------------------------------------------------------------
XSTACK
  Segment part 4. NOT NEEDED.
    -------------------------------------------------------------------------
IOVERLAY
  Segment part 5. NOT NEEDED.
    -------------------------------------------------------------------------
DOVERLAY
  Segment part 6. NOT NEEDED.
    -------------------------------------------------------------------------
XDATA_ID
  Relative segment, address: CODE 000000FB - 000000FB (0x1 bytes), align: 0
  Segment part 11.            Intra module refs:   Inicio_uC
    -------------------------------------------------------------------------
XDATA_ID
  Relative segment, address: CODE 000000FC - 000000FD (0x2 bytes), align: 0
  Segment part 20.            Intra module refs:   pointerStruct
    -------------------------------------------------------------------------
XDATA_ID
  Relative segment, address: CODE 000000FE - 000000FF (0x2 bytes), align: 0
  Segment part 22.            Intra module refs:   pointerStructV
    -------------------------------------------------------------------------
XDATA_ID
  Relative segment, address: CODE 00000100 - 00000100 (0x1 bytes), align: 0
  Segment part 24.            Intra module refs:   sizeOfParam
    -------------------------------------------------------------------------
XDATA_ID
  Relative segment, address: CODE 00000101 - 00000101 (0x1 bytes), align: 0
  Segment part 26.            Intra module refs:   sizeOfParamV
    -------------------------------------------------------------------------
XDATA_ID
  Segment part 29. NOT NEEDED.
    -------------------------------------------------------------------------
XDATA_ID
  Relative segment, address: CODE 00000102 - 00000103 (0x2 bytes), align: 0
  Segment part 31.            Intra module refs:   pointerStructPartial
    -------------------------------------------------------------------------
XDATA_ID
  Segment part 33. NOT NEEDED.
    -------------------------------------------------------------------------
XDATA_ID
  Relative segment, address: CODE 00000104 - 00000104 (0x1 bytes), align: 0
  Segment part 35.            Intra module refs:   sizeOfPartialFault

    *************************************************************************

  FILE NAME : C:\Firmware RPS\DSY-6\Debug\Obj\ProcessCode.r51
  PROGRAM MODULE, NAME : ProcessCode

  SEGMENTS IN THE MODULE
  ======================
NEAR_CODE
  Relative segment, address: CODE 00005F38 - 00005FB7 (0x80 bytes), align: 0
  Segment part 6.
           ENTRY                   ADDRESS         REF BY
           =====                   =======         ======
           processCodeRunCRC       00005F38        configurationGetData (MemoryBank)
                                                   configurationSaveData (MemoryBank)
                                                   faultResetAllData (MemoryBank)
                                                   incrContErrores (Supervisor)
               XSTACK = 00000000 ( 00000009 )
    -------------------------------------------------------------------------
NEAR_CODE
  Segment part 7. NOT NEEDED.
           ENTRY                   ADDRESS         REF BY
           =====                   =======         ======
           processCodeGetDIFilter
                                   
               calls direct, is not allocated
    -------------------------------------------------------------------------
ISTACK
  Segment part 1. NOT NEEDED.
    -------------------------------------------------------------------------
PSTACK
  Segment part 2. NOT NEEDED.
    -------------------------------------------------------------------------
XSTACK
  Segment part 3. NOT NEEDED.
    -------------------------------------------------------------------------
IOVERLAY
  Segment part 4. NOT NEEDED.
    -------------------------------------------------------------------------
DOVERLAY
  Segment part 5. NOT NEEDED.

    *************************************************************************

  FILE NAME : C:\Firmware RPS\DSY-6\Debug\Obj\SafetyBus.r51
  PROGRAM MODULE, NAME : SafetyBus

  SEGMENTS IN THE MODULE
  ======================
SFR_AN
  Segment part 1. TENTATIVE. Used definition from CAN
           ENTRY                   ADDRESS         REF BY
           =====                   =======         ======
           _A_IE                   
    -------------------------------------------------------------------------
SFR_AN
  Relative segment, address: DATA 000000E7 - 000000E7 (0x1 bytes), align: 0
  Segment part 2. ROOT.       Intra module refs:   safetyBusInitSlave
           ENTRY                   ADDRESS         REF BY
           =====                   =======         ======
           _A_EIE2                 000000E7 
    -------------------------------------------------------------------------
NEAR_CODE
  Segment part 8. NOT NEEDED.
           ENTRY                   ADDRESS         REF BY
           =====                   =======         ======
           safetyBusInitMaster     
               calls direct, is not allocated
    -------------------------------------------------------------------------
NEAR_CODE
  Relative segment, address: CODE 00005FB8 - 00005FEA (0x33 bytes), align: 0
  Segment part 9.
           ENTRY                   ADDRESS         REF BY
           =====                   =======         ======
           safetyBusInitSlave      00005FB8        feed_WD (Supervisor)
                                                   main (main_DSY)
               calls direct
               ISTACK = 00000000 ( 00000002 )
    -------------------------------------------------------------------------
NEAR_CODE
  Relative segment, address: CODE 00005FEB - 000060CA (0xe0 bytes), align: 0
  Segment part 10.            Intra module refs:   procesarCAN
           ENTRY                   ADDRESS         REF BY
           =====                   =======         ======
           safetyBusTxFrameData    00005FEB        ConfigCalib (module_DSY)
               calls direct
               XSTACK = 0000000B ( 00000000 )
               ISTACK = 00000000 ( 00000002 )
    -------------------------------------------------------------------------
NEAR_CODE
  Relative segment, address: CODE 000060CB - 00006247 (0x17d bytes), align: 0
  Segment part 11.            Intra module refs:   procesarCAN
           ENTRY                   ADDRESS         REF BY
           =====                   =======         ======
           TXCanDiagnostico        000060CB 
               calls direct
               XSTACK = 0000000B ( 00000000 )
               ISTACK = 00000000 ( 00000003 )
    -------------------------------------------------------------------------
NEAR_CODE
  Relative segment, address: CODE 00006248 - 0000636A (0x123 bytes), align: 0
  Segment part 12.
           ENTRY                   ADDRESS         REF BY
           =====                   =======         ======
           procesarCAN             00006248        main (main_DSY)
               calls direct
               XSTACK = 00000000 ( 0000000B )
               ISTACK = 00000000 ( 00000001 )
    -------------------------------------------------------------------------
ISTACK
  Segment part 3. NOT NEEDED.
    -------------------------------------------------------------------------
PSTACK
  Segment part 4. NOT NEEDED.
    -------------------------------------------------------------------------
XSTACK
  Segment part 5. NOT NEEDED.
    -------------------------------------------------------------------------
IOVERLAY
  Segment part 6. NOT NEEDED.
    -------------------------------------------------------------------------
DOVERLAY
  Segment part 7. NOT NEEDED.

    *************************************************************************

  FILE NAME : C:\Firmware RPS\DSY-6\Debug\Obj\Supervisor.r51
  PROGRAM MODULE, NAME : Supervisor

  SEGMENTS IN THE MODULE
  ======================
SFR_AN
  Segment part 1. TENTATIVE. Used definition from CAN
           ENTRY                   ADDRESS         REF BY
           =====                   =======         ======
           _A_IE                   
    -------------------------------------------------------------------------
SFR_AN
  Segment part 2. TENTATIVE. Used definition from CAN
           ENTRY                   ADDRESS         REF BY
           =====                   =======         ======
           _A_CAN0CN               
    -------------------------------------------------------------------------
SFR_AN
  Relative segment, address: DATA 000000A0 - 000000A0 (0x1 bytes), align: 0
  Segment part 3. ROOT.       Intra module refs:   _ssd1963_write_data8 (ssd1963_text)
                                                   feed_WD
                                                   modulePortInit (module_DSY)
           ENTRY                   ADDRESS         REF BY
           =====                   =======         ======
           _A_P2                   000000A0 
    -------------------------------------------------------------------------
SFR_AN
  Relative segment, address: DATA 000000EF - 000000EF (0x1 bytes), align: 0
  Segment part 4. ROOT.
           ENTRY                   ADDRESS         REF BY
           =====                   =======         ======
           _A_RSTSRC               000000EF 
    -------------------------------------------------------------------------
SFR_AN
  Segment part 5. TENTATIVE. Used definition from CAN
           ENTRY                   ADDRESS         REF BY
           =====                   =======         ======
           SFRPAGE                 
    -------------------------------------------------------------------------
XDATA_Z
  Segment part 11. NOT NEEDED.
           ENTRY                   ADDRESS         REF BY
           =====                   =======         ======
           VP12_OK                 
    -------------------------------------------------------------------------
XDATA_Z
  Segment part 12. NOT NEEDED.
           ENTRY                   ADDRESS         REF BY
           =====                   =======         ======
           VN12_OK                 
    -------------------------------------------------------------------------
XDATA_Z
  Segment part 13. NOT NEEDED.
           ENTRY                   ADDRESS         REF BY
           =====                   =======         ======
           VP24_OK                 
    -------------------------------------------------------------------------
XDATA_Z
  Segment part 14. NOT NEEDED.
           ENTRY                   ADDRESS         REF BY
           =====                   =======         ======
           VN24_OK                 
    -------------------------------------------------------------------------
XDATA_Z
  Segment part 15. NOT NEEDED.
           ENTRY                   ADDRESS         REF BY
           =====                   =======         ======
           OutOfRange_CH1          
    -------------------------------------------------------------------------
XDATA_Z
  Segment part 16. NOT NEEDED.
           ENTRY                   ADDRESS         REF BY
           =====                   =======         ======
           OutOfRange_CH2          
    -------------------------------------------------------------------------
XDATA_Z
  Segment part 17. NOT NEEDED.
           ENTRY                   ADDRESS         REF BY
           =====                   =======         ======
           OutOfRange_CH3          
    -------------------------------------------------------------------------
XDATA_Z
  Segment part 18. NOT NEEDED.
           ENTRY                   ADDRESS         REF BY
           =====                   =======         ======
           OutOfRange_CH4          
    -------------------------------------------------------------------------
XDATA_Z
  Segment part 19. NOT NEEDED.
           ENTRY                   ADDRESS         REF BY
           =====                   =======         ======
           V_NIM_OK                
    -------------------------------------------------------------------------
XDATA_Z
  Segment part 20. NOT NEEDED.
           ENTRY                   ADDRESS         REF BY
           =====                   =======         ======
           EsperaVNIM              
    -------------------------------------------------------------------------
XDATA_Z
  Segment part 21. NOT NEEDED.
           ENTRY                   ADDRESS         REF BY
           =====                   =======         ======
           Est_VP12_OK             
    -------------------------------------------------------------------------
XDATA_Z
  Segment part 22. NOT NEEDED.
           ENTRY                   ADDRESS         REF BY
           =====                   =======         ======
           Est_VN12_OK             
    -------------------------------------------------------------------------
XDATA_Z
  Segment part 23. NOT NEEDED.
           ENTRY                   ADDRESS         REF BY
           =====                   =======         ======
           Est_VP24_OK             
    -------------------------------------------------------------------------
XDATA_Z
  Segment part 24. NOT NEEDED.
           ENTRY                   ADDRESS         REF BY
           =====                   =======         ======
           Est_VN24_OK             
    -------------------------------------------------------------------------
XDATA_Z
  Segment part 25. NOT NEEDED.
           ENTRY                   ADDRESS         REF BY
           =====                   =======         ======
           Temp_VP12_OK            
    -------------------------------------------------------------------------
XDATA_Z
  Segment part 26. NOT NEEDED.
           ENTRY                   ADDRESS         REF BY
           =====                   =======         ======
           Temp_VN12_OK            
    -------------------------------------------------------------------------
XDATA_Z
  Segment part 27. NOT NEEDED.
           ENTRY                   ADDRESS         REF BY
           =====                   =======         ======
           Temp_VP24_OK            
    -------------------------------------------------------------------------
XDATA_Z
  Segment part 28. NOT NEEDED.
           ENTRY                   ADDRESS         REF BY
           =====                   =======         ======
           Temp_VN24_OK            
    -------------------------------------------------------------------------
NEAR_CODE
  Segment part 33. NOT NEEDED.
           ENTRY                   ADDRESS         REF BY
           =====                   =======         ======
           Supervisor_Fault        
               calls direct, is not allocated
    -------------------------------------------------------------------------
XDATA_Z
  Segment part 29. NOT NEEDED.
           LOCAL                   ADDRESS         
           =====                   =======         
           Supervisor_Fault::TempInicio
                                   
    -------------------------------------------------------------------------
XDATA_Z
  Segment part 30. NOT NEEDED.
           LOCAL                   ADDRESS         
           =====                   =======         
           Supervisor_Fault::Cont1seg
                                   
    -------------------------------------------------------------------------
XDATA_Z
  Segment part 31. NOT NEEDED.
           LOCAL                   ADDRESS         
           =====                   =======         
           Supervisor_Fault::TempContResetErrores
                                   
    -------------------------------------------------------------------------
NEAR_CODE
  Relative segment, address: CODE 0000636B - 00006403 (0x99 bytes), align: 0
  Segment part 34.
           ENTRY                   ADDRESS         REF BY
           =====                   =======         ======
           feed_WD                 0000636B        main (main_DSY)
               calls direct
               XSTACK = 00000000 ( 00000008 )
    -------------------------------------------------------------------------
XDATA_Z
  Relative segment, address: XDATA 00000F8A - 00000F8B (0x2 bytes), align: 0
  Segment part 32.            Intra module refs:   feed_WD
           LOCAL                   ADDRESS         
           =====                   =======         
           feed_WD::time           00000F8A 
    -------------------------------------------------------------------------
NEAR_CODE
  Segment part 35. NOT NEEDED.
           ENTRY                   ADDRESS         REF BY
           =====                   =======         ======
           VerifmicroOK            
               calls direct, is not allocated
    -------------------------------------------------------------------------
NEAR_CODE
  Relative segment, address: CODE 00006404 - 0000660F (0x20c bytes), align: 0
  Segment part 36.            Intra module refs:   feed_WD
           ENTRY                   ADDRESS         REF BY
           =====                   =======         ======
           incrContErrores         00006404 
               calls direct
               XSTACK = 00000009 ( 0000000A )
    -------------------------------------------------------------------------
NEAR_CODE
  Segment part 37. NOT NEEDED.
           ENTRY                   ADDRESS         REF BY
           =====                   =======         ======
           Leer_DI                 
               calls direct, is not allocated
    -------------------------------------------------------------------------
ISTACK
  Segment part 6. NOT NEEDED.
    -------------------------------------------------------------------------
PSTACK
  Segment part 7. NOT NEEDED.
    -------------------------------------------------------------------------
XSTACK
  Segment part 8. NOT NEEDED.
    -------------------------------------------------------------------------
IOVERLAY
  Segment part 9. NOT NEEDED.
    -------------------------------------------------------------------------
DOVERLAY
  Segment part 10. NOT NEEDED.

    *************************************************************************

  FILE NAME : C:\Firmware RPS\DSY-6\Debug\Obj\adc.r51
  PROGRAM MODULE, NAME : adc

  SEGMENTS IN THE MODULE
  ======================
SFR_AN
  Segment part 1. TENTATIVE. Used definition from CAN
           ENTRY                   ADDRESS         REF BY
           =====                   =======         ======
           _A_IE                   
    -------------------------------------------------------------------------
SFR_AN
  Relative segment, address: DATA 000000E8 - 000000E8 (0x1 bytes), align: 0
  Segment part 2. ROOT.       Intra module refs:   ad_init
                                                   lectura
                                                   modulePortInit (module_DSY)
           ENTRY                   ADDRESS         REF BY
           =====                   =======         ======
           _A_P6                   000000E8 
    -------------------------------------------------------------------------
SFR_AN
  Segment part 3. TENTATIVE. Used definition from CAN
           ENTRY                   ADDRESS         REF BY
           =====                   =======         ======
           SFRPAGE                 
    -------------------------------------------------------------------------
SFR_AN
  Relative segment, address: DATA 000000BB - 000000BB (0x1 bytes), align: 0
  Segment part 4. ROOT.       Intra module refs:   lectura
           ENTRY                   ADDRESS         REF BY
           =====                   =======         ======
           _A_AMX2SL               000000BB 
    -------------------------------------------------------------------------
SFR_AN
  Relative segment, address: DATA 000000BC - 000000BC (0x1 bytes), align: 0
  Segment part 5. ROOT.       Intra module refs:   ad_init
           ENTRY                   ADDRESS         REF BY
           =====                   =======         ======
           _A_ADC2CF               000000BC 
    -------------------------------------------------------------------------
SFR_AN
  Relative segment, address: DATA 000000D1 - 000000D1 (0x1 bytes), align: 0
[...]
          | Stack used (prev) :  0000000A 00000023
          | + function block  :  00000003 00000002
          |  Already listed
  03      ssd1963_set_text_color
          | Stack used (prev) :  0000000A 00000023
          | + function block  :  00000003 00000002
          |  Already listed
  02    medicion7
        | Stack used (prev) :  000002DA 0000002F
        | + function block  :  0000001E 00000000
  03      sprintf
          | Stack used (prev) :  000002B8 00000025
          | + function block  :  00000022 00000000
          |  Already listed
  03      ssd1963_write_text
          | Stack used (prev) :  00000084 00000025
          | + function block  :  00000010 00000000
          |  Already listed
  03      ssd1963_set_text_pos
          | Stack used (prev) :  0000000A 00000023
          | + function block  :  00000009 00000000
          |  Already listed
  03      ssd1963_set_text_scale
          | Stack used (prev) :  0000000A 00000023
          | + function block  :  00000000 00000002
          |  Already listed
  03      ssd1963_set_text_bgcolor
          | Stack used (prev) :  0000000A 00000023
          | + function block  :  00000003 00000002
          |  Already listed
  03      ssd1963_set_text_color
          | Stack used (prev) :  0000000A 00000023
          | + function block  :  00000003 00000002
          |  Already listed
  02    medicion6
        | Stack used (prev) :  000002DA 00000025
        | + function block  :  0000001E 00000000
  03      sprintf
          | Stack used (prev) :  000002B8 00000025
          | + function block  :  00000022 00000000
          |  Already listed
  03      ssd1963_write_text
          | Stack used (prev) :  00000084 00000025
          | + function block  :  00000010 00000000
          |  Already listed
  03      ssd1963_set_text_pos
          | Stack used (prev) :  0000000A 00000023
          | + function block  :  00000009 00000000
          |  Already listed
  03      ssd1963_set_text_scale
          | Stack used (prev) :  0000000A 00000023
          | + function block  :  00000000 00000002
          |  Already listed
  03      ssd1963_set_text_bgcolor
          | Stack used (prev) :  0000000A 00000023
          | + function block  :  00000003 00000002
          |  Already listed
  03      ssd1963_set_text_color
          | Stack used (prev) :  0000000A 00000023
          | + function block  :  00000003 00000002
          |  Already listed
  02    medicion4
        | Stack used (prev) :  000002DA 00000025
        | + function block  :  0000001E 00000000
  03      sprintf
          | Stack used (prev) :  000002B8 00000025
          | + function block  :  00000022 00000000
          |  Already listed
  03      ssd1963_write_text
          | Stack used (prev) :  00000084 00000025
          | + function block  :  00000010 00000000
          |  Already listed
  03      ssd1963_set_text_pos
          | Stack used (prev) :  0000000A 00000023
          | + function block  :  00000009 00000000
          |  Already listed
  03      ssd1963_set_text_scale
          | Stack used (prev) :  0000000A 00000023
          | + function block  :  00000000 00000002
          |  Already listed
  03      ssd1963_set_text_bgcolor
          | Stack used (prev) :  0000000A 00000023
          | + function block  :  00000003 00000002
          |  Already listed
  03      ssd1963_set_text_color
          | Stack used (prev) :  0000000A 00000023
          | + function block  :  00000003 00000002
          |  Already listed
  02    medicion3
        | Stack used (prev) :  000002DA 00000025
        | + function block  :  0000001E 00000000
  03      sprintf
          | Stack used (prev) :  000002B8 00000025
          | + function block  :  00000022 00000000
          |  Already listed
  03      ssd1963_write_text
          | Stack used (prev) :  00000084 00000025
          | + function block  :  00000010 00000000
          |  Already listed
  03      ssd1963_set_text_pos
          | Stack used (prev) :  0000000A 00000023
          | + function block  :  00000009 00000000
          |  Already listed
  03      ssd1963_set_text_scale
          | Stack used (prev) :  0000000A 00000023
          | + function block  :  00000000 00000002
          |  Already listed
  03      ssd1963_set_text_bgcolor
          | Stack used (prev) :  0000000A 00000023
          | + function block  :  00000003 00000002
          |  Already listed
  03      ssd1963_set_text_color
          | Stack used (prev) :  0000000A 00000023
          | + function block  :  00000003 00000002
          |  Already listed
  02    medicion2
        | Stack used (prev) :  000002DA 00000025
        | + function block  :  0000001E 00000000
  03      sprintf
          | Stack used (prev) :  000002B8 00000025
          | + function block  :  00000022 00000000
          |  Already listed
  03      ssd1963_write_text
          | Stack used (prev) :  00000084 00000025
          | + function block  :  00000010 00000000
          |  Already listed
  03      ssd1963_set_text_pos
          | Stack used (prev) :  0000000A 00000023
          | + function block  :  00000009 00000000
          |  Already listed
  03      ssd1963_set_text_scale
          | Stack used (prev) :  0000000A 00000023
          | + function block  :  00000000 00000002
          |  Already listed
  03      ssd1963_set_text_bgcolor
          | Stack used (prev) :  0000000A 00000023
          | + function block  :  00000003 00000002
          |  Already listed
  03      ssd1963_set_text_color
          | Stack used (prev) :  0000000A 00000023
          | + function block  :  00000003 00000002
          |  Already listed
  02    medicion
        | Stack used (prev) :  000002DA 00000025
        | + function block  :  0000001E 00000000
  02    InitAnalog
        | Stack used (prev) :  0000000A 00000023
        | + function block  :  00000000 00000003
  02    descarte
        | Stack used (prev) :  0000000A 00000023
        | + function block  :  0000000B 00000002
  02    Calibrar
        | Stack used (prev) :  0000000A 00000023
        | + function block  :  0000001F 00000000
  02    lectura
        | Stack used (prev) :  0000000A 00000023
        | + function block  :  00000000 00000002
  02    ad_init
        | Stack used (prev) :  0000000A 00000023
        | + function block  :  00000000 00000000
  04        processCodeRunCRC
            | Stack used (prev) :  0000000A 00000023
            | + function block  :  00000009 00000000
  05          processCodeRunCRC
              | Stack used (prev) :  0000000A 00000023
              | + function block  :  00000009 00000000
              |  Already listed
  06            i2cWriteData
                | Stack used (prev) :  0000000A 00000023
                | + function block  :  0000000E 00000000
  06            i2cWriteData
                | Stack used (prev) :  0000000A 00000023
                | + function block  :  0000000E 00000000
                |  Already listed
  06            i2cWriteData
                | Stack used (prev) :  0000000A 00000023
                | + function block  :  0000000E 00000000
                |  Already listed
  06            i2cWriteData
                | Stack used (prev) :  0000000A 00000023
                | + function block  :  0000000E 00000000
                |  Already listed
  05          i2cWriteDataArray
              | Stack used (prev) :  00000018 00000023
              | + function block  :  00000019 00000000
  04        faultResetAllData
            | Stack used (prev) :  00000031 00000023
            | + function block  :  0000001B 00000000
  04        i2cWriteDataArray
            | Stack used (prev) :  00000018 00000023
            | + function block  :  00000019 00000000
            |  Already listed
  03      incrContErrores
          | Stack used (prev) :  0000004C 00000023
          | + function block  :  0000001B 00000000
  03      incrContErrores
          | Stack used (prev) :  0000004C 00000023
          | + function block  :  0000001B 00000000
          |  Already listed
  04        canClearAllMessageObject
            | Stack used (prev) :  0000000A 00000023
            | + function block  :  00000000 00000000
  04        canInitTxMessageObject
            | Stack used (prev) :  0000000A 00000023
            | + function block  :  00000000 00000002
  04        canInitRxMessageObject
            | Stack used (prev) :  0000000A 00000023
            | + function block  :  00000000 00000002
  04        canGetModuleAddress
            | Stack used (prev) :  0000000A 00000023
            | + function block  :  00000000 00000000
  04        canInit
            | Stack used (prev) :  0000000A 00000023
            | + function block  :  00000000 00000002
  03      safetyBusInitSlave
          | Stack used (prev) :  0000000A 00000025
          | + function block  :  00000000 00000004
  03      canInit
          | Stack used (prev) :  0000000A 00000023
          | + function block  :  00000000 00000002
          |  Already listed
  02    feed_WD
        | Stack used (prev) :  00000067 00000029
        | + function block  :  00000010 00000000
  04        TxBuildCalibResponse
            | Stack used (prev) :  0000000A 00000023
            | + function block  :  00000008 00000002
  04        TxBuildCalibResponse
            | Stack used (prev) :  0000000A 00000023
            | + function block  :  00000008 00000002
            |  Already listed
  05          canTxData
              | Stack used (prev) :  0000000A 00000023
              | + function block  :  00000009 00000001
  04        safetyBusTxFrameData
            | Stack used (prev) :  00000013 00000024
            | + function block  :  0000000B 00000004
  05          processCodeRunCRC
              | Stack used (prev) :  0000000A 00000023
              | + function block  :  00000009 00000000
              |  Already listed
  05          i2cWriteDataArray
              | Stack used (prev) :  00000018 00000023
              | + function block  :  00000019 00000000
              |  Already listed
  06            i2cWriteData
                | Stack used (prev) :  0000000A 00000023
                | + function block  :  0000000E 00000000
                |  Already listed
  06            i2cWriteData
                | Stack used (prev) :  0000000A 00000023
                | + function block  :  0000000E 00000000
                |  Already listed
  06            i2cWriteData
                | Stack used (prev) :  0000000A 00000023
                | + function block  :  0000000E 00000000
                |  Already listed
  06            i2cWriteData
                | Stack used (prev) :  0000000A 00000023
                | + function block  :  0000000E 00000000
                |  Already listed
  06            i2cReadData
                | Stack used (prev) :  0000000A 00000023
                | + function block  :  0000000E 00000000
  06            i2cReadData
                | Stack used (prev) :  0000000A 00000023
                | + function block  :  0000000E 00000000
                |  Already listed
  05          i2cReadDataArray
              | Stack used (prev) :  00000018 00000023
              | + function block  :  0000001D 00000001
  04        configurationSaveData
            | Stack used (prev) :  00000035 00000023
            | + function block  :  00000014 00000001
  03      ConfigCalib
          | Stack used (prev) :  00000049 00000028
          | + function block  :  00000010 00000000
  03      TxBuildCalibResponse
          | Stack used (prev) :  0000000A 00000023
          | + function block  :  00000008 00000002
          |  Already listed
  03      TxBuildCalib
          | Stack used (prev) :  0000000A 00000023
          | + function block  :  00000000 00000002
  03      TxBuild
          | Stack used (prev) :  0000000A 00000023
          | + function block  :  00000009 00000000
  04        canTxData
            | Stack used (prev) :  0000000A 00000023
            | + function block  :  00000009 00000001
            |  Already listed
  03      TXCanDiagnostico
          | Stack used (prev) :  00000013 00000024
          | + function block  :  0000000B 00000004
  03      safetyBusTxFrameData
          | Stack used (prev) :  00000013 00000024
          | + function block  :  0000000B 00000004
          |  Already listed
  03      safetyBusTxFrameData
          | Stack used (prev) :  00000013 00000024
          | + function block  :  0000000B 00000004
          |  Already listed
  03      safetyBusTxFrameData
          | Stack used (prev) :  00000013 00000024
          | + function block  :  0000000B 00000004
          |  Already listed
  03      safetyBusTxFrameData
          | Stack used (prev) :  00000013 00000024
          | + function block  :  0000000B 00000004
          |  Already listed
  03      safetyBusTxFrameData
          | Stack used (prev) :  00000013 00000024
          | + function block  :  0000000B 00000004
          |  Already listed
  03      safetyBusTxFrameData
          | Stack used (prev) :  00000013 00000024
          | + function block  :  0000000B 00000004
          |  Already listed
  03      safetyBusTxFrameData
          | Stack used (prev) :  00000013 00000024
          | + function block  :  0000000B 00000004
          |  Already listed
  03      safetyBusTxFrameData
          | Stack used (prev) :  00000013 00000024
          | + function block  :  0000000B 00000004
          |  Already listed
  02    procesarCAN
        | Stack used (prev) :  00000059 00000028
        | + function block  :  00000016 00000000
  02    safetyBusInitSlave
        | Stack used (prev) :  0000000A 00000025
        | + function block  :  00000000 00000004
        |  Already listed
  03      processCodeRunCRC
          | Stack used (prev) :  0000000A 00000023
          | + function block  :  00000009 00000000
          |  Already listed
  03      i2cReadDataArray
          | Stack used (prev) :  00000018 00000023
          | + function block  :  0000001D 00000001
          |  Already listed
  03      i2cInit
          | Stack used (prev) :  0000000A 00000023
          | + function block  :  00000000 00000000
  02    configurationGetData
        | Stack used (prev) :  00000035 00000023
        | + function block  :  00000014 00000001
  03      i2cInit
          | Stack used (prev) :  0000000A 00000023
          | + function block  :  00000000 00000000
          |  Already listed
  02    memoryBankInit
        | Stack used (prev) :  0000000A 00000023
        | + function block  :  00000000 00000000
  01  main
      | Stack used (prev) :  00000308 0000002F
      | + function block  :  00000000 00000000
  <-Sub-tree of type: Function tree
    | Stack used          :  00000308 0000002F


  ->Sub-tree of type: Function tree
                             XSTACK   ISTACK
    | Stack used (prev) :  00000308 0000002F
  01  __program_start
      | Stack used (prev) :  00000308 0000002F
      | + function block  :  00000000 00000000
  <-Sub-tree of type: Function tree
    | Stack used          :  00000308 0000002F


  ->Sub-tree of type: Function tree
                             XSTACK   ISTACK
    | Stack used (prev) :  00000308 0000002F
  01  __low_level_init
      | Stack used (prev) :  00000308 0000002F
      | + function block  :  00000000 00000000
  <-Sub-tree of type: Function tree
    | Stack used          :  00000308 0000002F


  ->Sub-tree of type: Function tree
                             XSTACK   ISTACK
    | Stack used (prev) :  00000308 0000002F
  02    _exit
        | Stack used (prev) :  00000308 0000002F
        | + function block  :  00000000 00000000
  01  exit
      | Stack used (prev) :  00000308 0000002F
      | + function block  :  00000000 00000000
  <-Sub-tree of type: Function tree
    | Stack used          :  00000308 0000002F




                ****************************************
                *                                      *
                *      SEGMENTS IN ADDRESS ORDER       *
                *                                      *
                ****************************************


SEGMENT              SPACE    START ADDRESS   END ADDRESS     SIZE  TYPE  ALIGN
=======              =====    =============   ===========     ====  ====  =====
INTVEC               CODE          00000000 - 0000009D          9E   com    0
CSTART               CODE          0000009E - 000000FA          5D   rel    0
BDATA_ID             CODE               000000FB                     dse    0
BIT_ID               CODE               000000FB                     dse    0
IDATA_ID             CODE               000000FB                     dse    0
IXDATA_ID            CODE               000000FB                     dse    0
DATA_ID              CODE               000000FB                     dse    0
PDATA_ID             CODE               000000FB                     dse    0
XDATA_ID             CODE          000000FB - 000009C9         8CF   rel    0
BANK_RELAYS          CODE               000009CA                     dse    0
RCODE                CODE          000009CA - 000017B4         DEB   rel    0
DIFUNCT              CODE               000017B5                     rel    0
CODE_C               CODE          000017B5 - 0000509A        38E6   rel    0
CODE_N               CODE               0000509B                     dse    0
NEAR_CODE            CODE          0000509B - 0000E92F        9895   rel    0
REGISTERS            DATA          00000000 - 00000007           8   rel    0
VREG                 DATA          00000008 - 0000000F           8   rel    0
PSP                  DATA               00000010                     dse    0
XSP                  DATA          00000010 - 00000011           2   rel    0
BREG                 BIT        00000020.0  -  00000020.7        8   rel    0
BIT_N                BIT        00000021.0  -  00000021.0        1   rel    0
SFR_AN               DATA          00000080 - 00000080           1   rel    0
                     DATA          00000084 - 00000084           1 
                     DATA          0000008C - 0000008C           1 
                     DATA          00000090 - 00000090           1 
                     DATA          00000097 - 00000097           1 
                     DATA          0000009C - 000000A0           5 
                     DATA          000000A4 - 000000A8           5 
                     DATA          000000B0 - 000000B0           1 
                     DATA          000000BA - 000000BC           3 
                     DATA          000000BE - 000000C0           3 
                     DATA          000000C8 - 000000CD           6 
                     DATA          000000D1 - 000000D1           1 
                     DATA          000000D8 - 000000DA           3 
                     DATA          000000E1 - 000000E4           4 
                     DATA          000000E7 - 000000E8           2 
                     DATA          000000EF - 000000EF           1 
                     DATA          000000F8 - 000000F8           1 
                     DATA          000000FF - 000000FF           1 
XSTACK               XDATA         00000001 - 00000EFF         EFF   rel    0
XDATA_Z              XDATA         00000F00 - 00001018         119   rel    0
XDATA_I              XDATA         00001019 - 000018E7         8CF   rel    0
ISTACK               IDATA         000000C0 - 000000FF          40   rel    0

                ****************************************
                *                                      *
                *        END OF CROSS REFERENCE        *
                *                                      *
                ****************************************

 59 696 bytes of CODE  memory
     18 bytes of DATA  memory (+ 41 absolute )
  6 375 bytes of XDATA memory
     64 bytes of IDATA memory
      9 bits  of BIT   memory

Errors: none
Warnings: 31

